Archive member included to satisfy reference by file (symbol)

c:/st/stm32cubeide_1.0.0/stm32cubeide/plugins/com.st.stm32cube.ide.mcu.externaltools.gnu-tools-for-stm32.7-2018-q2-update.win32_1.0.0.201904181610/tools/bin/../lib/gcc/arm-none-eabi/7.3.1/../../../../arm-none-eabi/lib/thumb/v7-m\libc_nano.a(lib_a-errno.o)
                              Src/syscalls.o (__errno)
c:/st/stm32cubeide_1.0.0/stm32cubeide/plugins/com.st.stm32cube.ide.mcu.externaltools.gnu-tools-for-stm32.7-2018-q2-update.win32_1.0.0.201904181610/tools/bin/../lib/gcc/arm-none-eabi/7.3.1/../../../../arm-none-eabi/lib/thumb/v7-m\libc_nano.a(lib_a-exit.o)
                              c:/st/stm32cubeide_1.0.0/stm32cubeide/plugins/com.st.stm32cube.ide.mcu.externaltools.gnu-tools-for-stm32.7-2018-q2-update.win32_1.0.0.201904181610/tools/bin/../lib/gcc/arm-none-eabi/7.3.1/../../../../arm-none-eabi/lib/thumb/v7-m/crt0.o (exit)
c:/st/stm32cubeide_1.0.0/stm32cubeide/plugins/com.st.stm32cube.ide.mcu.externaltools.gnu-tools-for-stm32.7-2018-q2-update.win32_1.0.0.201904181610/tools/bin/../lib/gcc/arm-none-eabi/7.3.1/../../../../arm-none-eabi/lib/thumb/v7-m\libc_nano.a(lib_a-impure.o)
                              c:/st/stm32cubeide_1.0.0/stm32cubeide/plugins/com.st.stm32cube.ide.mcu.externaltools.gnu-tools-for-stm32.7-2018-q2-update.win32_1.0.0.201904181610/tools/bin/../lib/gcc/arm-none-eabi/7.3.1/../../../../arm-none-eabi/lib/thumb/v7-m\libc_nano.a(lib_a-exit.o) (_global_impure_ptr)
c:/st/stm32cubeide_1.0.0/stm32cubeide/plugins/com.st.stm32cube.ide.mcu.externaltools.gnu-tools-for-stm32.7-2018-q2-update.win32_1.0.0.201904181610/tools/bin/../lib/gcc/arm-none-eabi/7.3.1/../../../../arm-none-eabi/lib/thumb/v7-m\libc_nano.a(lib_a-init.o)
                              c:/st/stm32cubeide_1.0.0/stm32cubeide/plugins/com.st.stm32cube.ide.mcu.externaltools.gnu-tools-for-stm32.7-2018-q2-update.win32_1.0.0.201904181610/tools/bin/../lib/gcc/arm-none-eabi/7.3.1/../../../../arm-none-eabi/lib/thumb/v7-m/crt0.o (__libc_init_array)
c:/st/stm32cubeide_1.0.0/stm32cubeide/plugins/com.st.stm32cube.ide.mcu.externaltools.gnu-tools-for-stm32.7-2018-q2-update.win32_1.0.0.201904181610/tools/bin/../lib/gcc/arm-none-eabi/7.3.1/../../../../arm-none-eabi/lib/thumb/v7-m\libc_nano.a(lib_a-memcpy-stub.o)
                              Src/ser1.o (memcpy)
c:/st/stm32cubeide_1.0.0/stm32cubeide/plugins/com.st.stm32cube.ide.mcu.externaltools.gnu-tools-for-stm32.7-2018-q2-update.win32_1.0.0.201904181610/tools/bin/../lib/gcc/arm-none-eabi/7.3.1/../../../../arm-none-eabi/lib/thumb/v7-m\libc_nano.a(lib_a-memset.o)
                              c:/st/stm32cubeide_1.0.0/stm32cubeide/plugins/com.st.stm32cube.ide.mcu.externaltools.gnu-tools-for-stm32.7-2018-q2-update.win32_1.0.0.201904181610/tools/bin/../lib/gcc/arm-none-eabi/7.3.1/../../../../arm-none-eabi/lib/thumb/v7-m/crt0.o (memset)

Allocating common symbols
Common symbol       size              file

tim3_u16Ch2_Capture_Falling_Edge
                    0x2               Src/tim3.o
TIM2_u16Ch1_PulseTime
                    0x2               Src/tim2.o
SER1_au8RecBuf      0x400             Src/ctl.o
FSE_u8FailSafe_LEDisOnCounter
                    0x1               Src/fse.o
TIM4_TIM3_u16Ch3_Counter
                    0x2               Src/tim4.o
tim3_u16Ch4_Capture_Rising_Edge
                    0x2               Src/tim3.o
TIM4_TIM3_u16Ch1_Counter
                    0x2               Src/tim4.o
TIM3_u16Ch2_PulseTime
                    0x2               Src/tim3.o
ser1_au8SndBuf      0x101             Src/ser1.o
htim4               0x40              Src/ctl.o
TIM4_TIM2_u16Ch3_Counter
                    0x2               Src/tim4.o
TIM4_TIM3_u16Ch2_Counter
                    0x2               Src/tim4.o
FSE_u8FailSafe_LEDisOn
                    0x1               Src/fse.o
tim2_u16Ch2_Capture_Falling_Edge
                    0x2               Src/tim2.o
tim2_u16Ch4_Capture_Falling_Edge
                    0x2               Src/tim2.o
TIM4_TIM2_u16Ch1_Counter
                    0x2               Src/tim4.o
TIM3_u16Ch3_PulseTime
                    0x2               Src/tim3.o
unAnyData           0x8               Src/ctl.o
TIM2_u16Ch2_PulseTime
                    0x2               Src/tim2.o
uwTick              0x4               Drivers/STM32F1xx_HAL_Driver/Src/stm32f1xx_hal.o
au8Temp             0x64              Src/ctl.o
pFlash              0x20              Drivers/STM32F1xx_HAL_Driver/Src/stm32f1xx_hal_flash.o
SER1_TransmitFrameLength
                    0x1               Src/ctl.o
htim3               0x40              Src/ctl.o
tim3_u16Ch4_Capture_Falling_Edge
                    0x2               Src/tim3.o
tim2_u16Ch3_Capture_Rising_Edge
                    0x2               Src/tim2.o
tim3_u16Ch1_Capture_Falling_Edge
                    0x2               Src/tim3.o
hdma_usart1_tx      0x44              Src/ctl.o
tim2_u16Ch1_Capture_Falling_Edge
                    0x2               Src/tim2.o
TIM3_u16Ch4_PulseTime
[...]
Memory Configuration

Name             Origin             Length             Attributes
FLASH            0x0000000008000000 0x0000000000010000 xr
RAM              0x0000000020000000 0x0000000000005000 xrw
*default*        0x0000000000000000 0xffffffffffffffff

Linker script and memory map

LOAD c:/st/stm32cubeide_1.0.0/stm32cubeide/plugins/com.st.stm32cube.ide.mcu.externaltools.gnu-tools-for-stm32.7-2018-q2-update.win32_1.0.0.201904181610/tools/bin/../lib/gcc/arm-none-eabi/7.3.1/thumb/v7-m/crti.o
LOAD c:/st/stm32cubeide_1.0.0/stm32cubeide/plugins/com.st.stm32cube.ide.mcu.externaltools.gnu-tools-for-stm32.7-2018-q2-update.win32_1.0.0.201904181610/tools/bin/../lib/gcc/arm-none-eabi/7.3.1/thumb/v7-m/crtbegin.o
LOAD c:/st/stm32cubeide_1.0.0/stm32cubeide/plugins/com.st.stm32cube.ide.mcu.externaltools.gnu-tools-for-stm32.7-2018-q2-update.win32_1.0.0.201904181610/tools/bin/../lib/gcc/arm-none-eabi/7.3.1/../../../../arm-none-eabi/lib/thumb/v7-m/crt0.o
LOAD Drivers/STM32F1xx_HAL_Driver/Src/stm32f1xx_hal.o
LOAD Drivers/STM32F1xx_HAL_Driver/Src/stm32f1xx_hal_cortex.o
LOAD Drivers/STM32F1xx_HAL_Driver/Src/stm32f1xx_hal_dma.o
LOAD Drivers/STM32F1xx_HAL_Driver/Src/stm32f1xx_hal_flash.o
LOAD Drivers/STM32F1xx_HAL_Driver/Src/stm32f1xx_hal_flash_ex.o
LOAD Drivers/STM32F1xx_HAL_Driver/Src/stm32f1xx_hal_gpio.o
LOAD Drivers/STM32F1xx_HAL_Driver/Src/stm32f1xx_hal_gpio_ex.o
LOAD Drivers/STM32F1xx_HAL_Driver/Src/stm32f1xx_hal_pwr.o
LOAD Drivers/STM32F1xx_HAL_Driver/Src/stm32f1xx_hal_rcc.o
LOAD Drivers/STM32F1xx_HAL_Driver/Src/stm32f1xx_hal_rcc_ex.o
LOAD Drivers/STM32F1xx_HAL_Driver/Src/stm32f1xx_hal_tim.o
LOAD Drivers/STM32F1xx_HAL_Driver/Src/stm32f1xx_hal_tim_ex.o
LOAD Drivers/STM32F1xx_HAL_Driver/Src/stm32f1xx_hal_uart.o
LOAD Src/ctl.o
LOAD Src/exti.o
LOAD Src/fse.o
LOAD Src/main.o
LOAD Src/ser1.o
LOAD Src/stm32f1xx_hal_msp.o
LOAD Src/stm32f1xx_it.o
LOAD Src/syscalls.o
LOAD Src/sysmem.o
LOAD Src/system_stm32f1xx.o
LOAD Src/tim2.o
LOAD Src/tim3.o
LOAD Src/tim4.o
LOAD Startup/startup_stm32f103c8tx.o
START GROUP
LOAD c:/st/stm32cubeide_1.0.0/stm32cubeide/plugins/com.st.stm32cube.ide.mcu.externaltools.gnu-tools-for-stm32.7-2018-q2-update.win32_1.0.0.201904181610/tools/bin/../lib/gcc/arm-none-eabi/7.3.1/../../../../arm-none-eabi/lib/thumb/v7-m\libc_nano.a
LOAD c:/st/stm32cubeide_1.0.0/stm32cubeide/plugins/com.st.stm32cube.ide.mcu.externaltools.gnu-tools-for-stm32.7-2018-q2-update.win32_1.0.0.201904181610/tools/bin/../lib/gcc/arm-none-eabi/7.3.1/../../../../arm-none-eabi/lib/thumb/v7-m\libm.a
END GROUP
START GROUP
LOAD c:/st/stm32cubeide_1.0.0/stm32cubeide/plugins/com.st.stm32cube.ide.mcu.externaltools.gnu-tools-for-stm32.7-2018-q2-update.win32_1.0.0.201904181610/tools/bin/../lib/gcc/arm-none-eabi/7.3.1/thumb/v7-m\libgcc.a
LOAD c:/st/stm32cubeide_1.0.0/stm32cubeide/plugins/com.st.stm32cube.ide.mcu.externaltools.gnu-tools-for-stm32.7-2018-q2-update.win32_1.0.0.201904181610/tools/bin/../lib/gcc/arm-none-eabi/7.3.1/../../../../arm-none-eabi/lib/thumb/v7-m\libc_nano.a
END GROUP
START GROUP
LOAD c:/st/stm32cubeide_1.0.0/stm32cubeide/plugins/com.st.stm32cube.ide.mcu.externaltools.gnu-tools-for-stm32.7-2018-q2-update.win32_1.0.0.201904181610/tools/bin/../lib/gcc/arm-none-eabi/7.3.1/thumb/v7-m\libgcc.a
LOAD c:/st/stm32cubeide_1.0.0/stm32cubeide/plugins/com.st.stm32cube.ide.mcu.externaltools.gnu-tools-for-stm32.7-2018-q2-update.win32_1.0.0.201904181610/tools/bin/../lib/gcc/arm-none-eabi/7.3.1/../../../../arm-none-eabi/lib/thumb/v7-m\libc_nano.a
LOAD c:/st/stm32cubeide_1.0.0/stm32cubeide/plugins/com.st.stm32cube.ide.mcu.externaltools.gnu-tools-for-stm32.7-2018-q2-update.win32_1.0.0.201904181610/tools/bin/../lib/gcc/arm-none-eabi/7.3.1/../../../../arm-none-eabi/lib/thumb/v7-m\libnosys.a
END GROUP
START GROUP
LOAD c:/st/stm32cubeide_1.0.0/stm32cubeide/plugins/com.st.stm32cube.ide.mcu.externaltools.gnu-tools-for-stm32.7-2018-q2-update.win32_1.0.0.201904181610/tools/bin/../lib/gcc/arm-none-eabi/7.3.1/thumb/v7-m\libgcc.a
LOAD c:/st/stm32cubeide_1.0.0/stm32cubeide/plugins/com.st.stm32cube.ide.mcu.externaltools.gnu-tools-for-stm32.7-2018-q2-update.win32_1.0.0.201904181610/tools/bin/../lib/gcc/arm-none-eabi/7.3.1/../../../../arm-none-eabi/lib/thumb/v7-m\libc_nano.a
LOAD c:/st/stm32cubeide_1.0.0/stm32cubeide/plugins/com.st.stm32cube.ide.mcu.externaltools.gnu-tools-for-stm32.7-2018-q2-update.win32_1.0.0.201904181610/tools/bin/../lib/gcc/arm-none-eabi/7.3.1/../../../../arm-none-eabi/lib/thumb/v7-m\libnosys.a
END GROUP
LOAD c:/st/stm32cubeide_1.0.0/stm32cubeide/plugins/com.st.stm32cube.ide.mcu.externaltools.gnu-tools-for-stm32.7-2018-q2-update.win32_1.0.0.201904181610/tools/bin/../lib/gcc/arm-none-eabi/7.3.1/thumb/v7-m/crtend.o
LOAD c:/st/stm32cubeide_1.0.0/stm32cubeide/plugins/com.st.stm32cube.ide.mcu.externaltools.gnu-tools-for-stm32.7-2018-q2-update.win32_1.0.0.201904181610/tools/bin/../lib/gcc/arm-none-eabi/7.3.1/thumb/v7-m/crtn.o
                0x0000000020004fff                _estack = 0x20004fff
                0x0000000000000200                _Min_Heap_Size = 0x200
                0x0000000000000400                _Min_Stack_Size = 0x400

.isr_vector     0x0000000008000000      0x10c
                0x0000000008000000                . = ALIGN (0x4)
 *(.isr_vector)
 .isr_vector    0x0000000008000000      0x10c Startup/startup_stm32f103c8tx.o
                0x0000000008000000                g_pfnVectors
                0x000000000800010c                . = ALIGN (0x4)

.text           0x000000000800010c     0x3d90
                0x000000000800010c                . = ALIGN (0x4)
 *(.text)
 .text          0x000000000800010c       0x40 c:/st/stm32cubeide_1.0.0/stm32cubeide/plugins/com.st.stm32cube.ide.mcu.externaltools.gnu-tools-for-stm32.7-2018-q2-update.win32_1.0.0.201904181610/tools/bin/../lib/gcc/arm-none-eabi/7.3.1/thumb/v7-m/crtbegin.o
 *(.text*)
 .text.HAL_Init
                0x000000000800014c       0x2c Drivers/STM32F1xx_HAL_Driver/Src/stm32f1xx_hal.o
                0x000000000800014c                HAL_Init
 .text.HAL_InitTick
                0x0000000008000178       0x60 Drivers/STM32F1xx_HAL_Driver/Src/stm32f1xx_hal.o
                0x0000000008000178                HAL_InitTick
 .text.HAL_IncTick
                0x00000000080001d8       0x24 Drivers/STM32F1xx_HAL_Driver/Src/stm32f1xx_hal.o
                0x00000000080001d8                HAL_IncTick
 .text.HAL_GetTick
                0x00000000080001fc       0x14 Drivers/STM32F1xx_HAL_Driver/Src/stm32f1xx_hal.o
                0x00000000080001fc                HAL_GetTick
 .text.HAL_Delay
                0x0000000008000210       0x44 Drivers/STM32F1xx_HAL_Driver/Src/stm32f1xx_hal.o
                0x0000000008000210                HAL_Delay
 .text.NVIC_SetPriorityGrouping
                0x0000000008000254       0x48 Drivers/STM32F1xx_HAL_Driver/Src/stm32f1xx_hal_cortex.o
 .text.NVIC_GetPriorityGrouping
                0x000000000800029c       0x1c Drivers/STM32F1xx_HAL_Driver/Src/stm32f1xx_hal_cortex.o
 .text.NVIC_EnableIRQ
                0x00000000080002b8       0x30 Drivers/STM32F1xx_HAL_Driver/Src/stm32f1xx_hal_cortex.o
 .text.NVIC_SetPriority
                0x00000000080002e8       0x54 Drivers/STM32F1xx_HAL_Driver/Src/stm32f1xx_hal_cortex.o
 .text.NVIC_EncodePriority
                0x000000000800033c       0x64 Drivers/STM32F1xx_HAL_Driver/Src/stm32f1xx_hal_cortex.o
 .text.SysTick_Config
                0x00000000080003a0       0x44 Drivers/STM32F1xx_HAL_Driver/Src/stm32f1xx_hal_cortex.o
 .text.HAL_NVIC_SetPriorityGrouping
                0x00000000080003e4       0x16 Drivers/STM32F1xx_HAL_Driver/Src/stm32f1xx_hal_cortex.o
                0x00000000080003e4                HAL_NVIC_SetPriorityGrouping
 .text.HAL_NVIC_SetPriority
                0x00000000080003fa       0x38 Drivers/STM32F1xx_HAL_Driver/Src/stm32f1xx_hal_cortex.o
                0x00000000080003fa                HAL_NVIC_SetPriority
 .text.HAL_NVIC_EnableIRQ
                0x0000000008000432       0x1c Drivers/STM32F1xx_HAL_Driver/Src/stm32f1xx_hal_cortex.o
                0x0000000008000432                HAL_NVIC_EnableIRQ
 .text.HAL_SYSTICK_Config
                0x000000000800044e       0x18 Drivers/STM32F1xx_HAL_Driver/Src/stm32f1xx_hal_cortex.o
                0x000000000800044e                HAL_SYSTICK_Config
 *fill*         0x0000000008000466        0x2 
 .text.HAL_DMA_Init
                0x0000000008000468       0xb4 Drivers/STM32F1xx_HAL_Driver/Src/stm32f1xx_hal_dma.o
                0x0000000008000468                HAL_DMA_Init
 .text.HAL_DMA_Start_IT
                0x000000000800051c       0xbe Drivers/STM32F1xx_HAL_Driver/Src/stm32f1xx_hal_dma.o
                0x000000000800051c                HAL_DMA_Start_IT
 *fill*         0x00000000080005da        0x2 
 .text.HAL_DMA_Abort_IT
                0x00000000080005dc       0xec Drivers/STM32F1xx_HAL_Driver/Src/stm32f1xx_hal_dma.o
                0x00000000080005dc                HAL_DMA_Abort_IT
 .text.HAL_DMA_IRQHandler
                0x00000000080006c8      0x20c Drivers/STM32F1xx_HAL_Driver/Src/stm32f1xx_hal_dma.o
                0x00000000080006c8                HAL_DMA_IRQHandler
 .text.DMA_SetConfig
                0x00000000080008d4       0x5a Drivers/STM32F1xx_HAL_Driver/Src/stm32f1xx_hal_dma.o
 *fill*         0x000000000800092e        0x2 
 .text.HAL_GPIO_Init
                0x0000000008000930      0x2bc Drivers/STM32F1xx_HAL_Driver/Src/stm32f1xx_hal_gpio.o
                0x0000000008000930                HAL_GPIO_Init
 .text.HAL_GPIO_ReadPin
                0x0000000008000bec       0x2e Drivers/STM32F1xx_HAL_Driver/Src/stm32f1xx_hal_gpio.o
                0x0000000008000bec                HAL_GPIO_ReadPin
 .text.HAL_GPIO_WritePin
                0x0000000008000c1a       0x30 Drivers/STM32F1xx_HAL_Driver/Src/stm32f1xx_hal_gpio.o
                0x0000000008000c1a                HAL_GPIO_WritePin
 *fill*         0x0000000008000c4a        0x2 
 .text.HAL_GPIO_EXTI_IRQHandler
                0x0000000008000c4c       0x30 Drivers/STM32F1xx_HAL_Driver/Src/stm32f1xx_hal_gpio.o
                0x0000000008000c4c                HAL_GPIO_EXTI_IRQHandler
 .text.HAL_RCC_OscConfig
                0x0000000008000c7c      0x4c8 Drivers/STM32F1xx_HAL_Driver/Src/stm32f1xx_hal_rcc.o
                0x0000000008000c7c                HAL_RCC_OscConfig
 .text.HAL_RCC_ClockConfig
                0x0000000008001144      0x218 Drivers/STM32F1xx_HAL_Driver/Src/stm32f1xx_hal_rcc.o
                0x0000000008001144                HAL_RCC_ClockConfig
 .text.HAL_RCC_GetSysClockFreq
                0x000000000800135c       0xc4 Drivers/STM32F1xx_HAL_Driver/Src/stm32f1xx_hal_rcc.o
                0x000000000800135c                HAL_RCC_GetSysClockFreq
 .text.HAL_RCC_GetHCLKFreq
                0x0000000008001420       0x14 Drivers/STM32F1xx_HAL_Driver/Src/stm32f1xx_hal_rcc.o
                0x0000000008001420                HAL_RCC_GetHCLKFreq
 .text.HAL_RCC_GetPCLK1Freq
                0x0000000008001434       0x28 Drivers/STM32F1xx_HAL_Driver/Src/stm32f1xx_hal_rcc.o
                0x0000000008001434                HAL_RCC_GetPCLK1Freq
 .text.HAL_RCC_GetPCLK2Freq
                0x000000000800145c       0x28 Drivers/STM32F1xx_HAL_Driver/Src/stm32f1xx_hal_rcc.o
                0x000000000800145c                HAL_RCC_GetPCLK2Freq
 .text.RCC_Delay
                0x0000000008001484       0x3c Drivers/STM32F1xx_HAL_Driver/Src/stm32f1xx_hal_rcc.o
 .text.HAL_TIM_Base_Init
                0x00000000080014c0       0x56 Drivers/STM32F1xx_HAL_Driver/Src/stm32f1xx_hal_tim.o
                0x00000000080014c0                HAL_TIM_Base_Init
 .text.HAL_TIM_Base_Start_IT
                0x0000000008001516       0x34 Drivers/STM32F1xx_HAL_Driver/Src/stm32f1xx_hal_tim.o
                0x0000000008001516                HAL_TIM_Base_Start_IT
 .text.HAL_TIM_IC_Init
                0x000000000800154a       0x56 Drivers/STM32F1xx_HAL_Driver/Src/stm32f1xx_hal_tim.o
                0x000000000800154a                HAL_TIM_IC_Init
 .text.HAL_TIM_IC_MspInit
                0x00000000080015a0       0x12 Drivers/STM32F1xx_HAL_Driver/Src/stm32f1xx_hal_tim.o
                0x00000000080015a0                HAL_TIM_IC_MspInit
 *fill*         0x00000000080015b2        0x2 
 .text.HAL_TIM_IC_Start_IT
                0x00000000080015b4       0xc0 Drivers/STM32F1xx_HAL_Driver/Src/stm32f1xx_hal_tim.o
                0x00000000080015b4                HAL_TIM_IC_Start_IT
 .text.HAL_TIM_IRQHandler
                0x0000000008001674      0x210 Drivers/STM32F1xx_HAL_Driver/Src/stm32f1xx_hal_tim.o
                0x0000000008001674                HAL_TIM_IRQHandler
 .text.HAL_TIM_IC_ConfigChannel
                0x0000000008001884      0x138 Drivers/STM32F1xx_HAL_Driver/Src/stm32f1xx_hal_tim.o
                0x0000000008001884                HAL_TIM_IC_ConfigChannel
 .text.HAL_TIM_ConfigClockSource
                0x00000000080019bc      0x1b6 Drivers/STM32F1xx_HAL_Driver/Src/stm32f1xx_hal_tim.o
                0x00000000080019bc                HAL_TIM_ConfigClockSource
 .text.HAL_TIM_OC_DelayElapsedCallback
                0x0000000008001b72       0x12 Drivers/STM32F1xx_HAL_Driver/Src/stm32f1xx_hal_tim.o
                0x0000000008001b72                HAL_TIM_OC_DelayElapsedCallback
 .text.HAL_TIM_PWM_PulseFinishedCallback
                0x0000000008001b84       0x12 Drivers/STM32F1xx_HAL_Driver/Src/stm32f1xx_hal_tim.o
                0x0000000008001b84                HAL_TIM_PWM_PulseFinishedCallback
 .text.HAL_TIM_TriggerCallback
                0x0000000008001b96       0x12 Drivers/STM32F1xx_HAL_Driver/Src/stm32f1xx_hal_tim.o
                0x0000000008001b96                HAL_TIM_TriggerCallback
 .text.TIM_Base_SetConfig
                0x0000000008001ba8       0xcc Drivers/STM32F1xx_HAL_Driver/Src/stm32f1xx_hal_tim.o
                0x0000000008001ba8                TIM_Base_SetConfig
 .text.TIM_TI1_SetConfig
                0x0000000008001c74       0xbc Drivers/STM32F1xx_HAL_Driver/Src/stm32f1xx_hal_tim.o
                0x0000000008001c74                TIM_TI1_SetConfig
 .text.TIM_TI1_ConfigInputStage
                0x0000000008001d30       0x64 Drivers/STM32F1xx_HAL_Driver/Src/stm32f1xx_hal_tim.o
 .text.TIM_TI2_SetConfig
                0x0000000008001d94       0x80 Drivers/STM32F1xx_HAL_Driver/Src/stm32f1xx_hal_tim.o
 .text.TIM_TI2_ConfigInputStage
                0x0000000008001e14       0x66 Drivers/STM32F1xx_HAL_Driver/Src/stm32f1xx_hal_tim.o
 .text.TIM_TI3_SetConfig
                0x0000000008001e7a       0x7e Drivers/STM32F1xx_HAL_Driver/Src/stm32f1xx_hal_tim.o
 .text.TIM_TI4_SetConfig
                0x0000000008001ef8       0x80 Drivers/STM32F1xx_HAL_Driver/Src/stm32f1xx_hal_tim.o
 .text.TIM_ITRx_SetConfig
                0x0000000008001f78       0x3e Drivers/STM32F1xx_HAL_Driver/Src/stm32f1xx_hal_tim.o
 .text.TIM_ETR_SetConfig
                0x0000000008001fb6       0x42 Drivers/STM32F1xx_HAL_Driver/Src/stm32f1xx_hal_tim.o
 .text.TIM_CCxChannelCmd
                0x0000000008001ff8       0x44 Drivers/STM32F1xx_HAL_Driver/Src/stm32f1xx_hal_tim.o
                0x0000000008001ff8                TIM_CCxChannelCmd
 .text.HAL_TIMEx_MasterConfigSynchronization
                0x000000000800203c       0x88 Drivers/STM32F1xx_HAL_Driver/Src/stm32f1xx_hal_tim_ex.o
                0x000000000800203c                HAL_TIMEx_MasterConfigSynchronization
 .text.HAL_TIMEx_CommutationCallback
                0x00000000080020c4       0x12 Drivers/STM32F1xx_HAL_Driver/Src/stm32f1xx_hal_tim_ex.o
                0x00000000080020c4                HAL_TIMEx_CommutationCallback
 .text.HAL_TIMEx_BreakCallback
                0x00000000080020d6       0x12 Drivers/STM32F1xx_HAL_Driver/Src/stm32f1xx_hal_tim_ex.o
                0x00000000080020d6                HAL_TIMEx_BreakCallback
 .text.HAL_UART_Init
                0x00000000080020e8       0x9a Drivers/STM32F1xx_HAL_Driver/Src/stm32f1xx_hal_uart.o
                0x00000000080020e8                HAL_UART_Init
 *fill*         0x0000000008002182        0x2 
 .text.HAL_UART_Transmit_DMA
                0x0000000008002184       0xd8 Drivers/STM32F1xx_HAL_Driver/Src/stm32f1xx_hal_uart.o
                0x0000000008002184                HAL_UART_Transmit_DMA
 .text.HAL_UART_IRQHandler
                0x000000000800225c      0x1f8 Drivers/STM32F1xx_HAL_Driver/Src/stm32f1xx_hal_uart.o
                0x000000000800225c                HAL_UART_IRQHandler
 .text.HAL_UART_TxCpltCallback
                0x0000000008002454       0x12 Drivers/STM32F1xx_HAL_Driver/Src/stm32f1xx_hal_uart.o
                0x0000000008002454                HAL_UART_TxCpltCallback
 .text.HAL_UART_TxHalfCpltCallback
                0x0000000008002466       0x12 Drivers/STM32F1xx_HAL_Driver/Src/stm32f1xx_hal_uart.o
                0x0000000008002466                HAL_UART_TxHalfCpltCallback
 .text.HAL_UART_RxCpltCallback
                0x0000000008002478       0x12 Drivers/STM32F1xx_HAL_Driver/Src/stm32f1xx_hal_uart.o
                0x0000000008002478                HAL_UART_RxCpltCallback
 .text.HAL_UART_ErrorCallback
                0x000000000800248a       0x12 Drivers/STM32F1xx_HAL_Driver/Src/stm32f1xx_hal_uart.o
                0x000000000800248a                HAL_UART_ErrorCallback
 .text.UART_DMATransmitCplt
                0x000000000800249c       0x52 Drivers/STM32F1xx_HAL_Driver/Src/stm32f1xx_hal_uart.o
 .text.UART_DMATxHalfCplt
                0x00000000080024ee       0x1c Drivers/STM32F1xx_HAL_Driver/Src/stm32f1xx_hal_uart.o
 .text.UART_DMAError
                0x000000000800250a       0x94 Drivers/STM32F1xx_HAL_Driver/Src/stm32f1xx_hal_uart.o
 .text.UART_EndTxTransfer
                0x000000000800259e       0x2a Drivers/STM32F1xx_HAL_Driver/Src/stm32f1xx_hal_uart.o
 .text.UART_EndRxTransfer
                0x00000000080025c8       0x3a Drivers/STM32F1xx_HAL_Driver/Src/stm32f1xx_hal_uart.o
 .text.UART_DMAAbortOnError
                0x0000000008002602       0x28 Drivers/STM32F1xx_HAL_Driver/Src/stm32f1xx_hal_uart.o
 .text.UART_Transmit_IT
                0x000000000800262a       0xaa Drivers/STM32F1xx_HAL_Driver/Src/stm32f1xx_hal_uart.o
 .text.UART_EndTransmit_IT
                0x00000000080026d4       0x30 Drivers/STM32F1xx_HAL_Driver/Src/stm32f1xx_hal_uart.o
 .text.UART_Receive_IT
                0x0000000008002704      0x102 Drivers/STM32F1xx_HAL_Driver/Src/stm32f1xx_hal_uart.o
 *fill*         0x0000000008002806        0x2 
 .text.UART_SetConfig
                0x0000000008002808      0x230 Drivers/STM32F1xx_HAL_Driver/Src/stm32f1xx_hal_uart.o
 .text.CTL_Ini  0x0000000008002a38        0xc Src/ctl.o
                0x0000000008002a38                CTL_Ini
 .text.CTL_Main
                0x0000000008002a44      0x134 Src/ctl.o
                0x0000000008002a44                CTL_Main
 .text.EXTI_HAL_GPIO_EXTI_Callback
                0x0000000008002b78       0x50 Src/exti.o
                0x0000000008002b78                EXTI_HAL_GPIO_EXTI_Callback
 .text.main     0x0000000008002bc8       0x3a Src/main.o
                0x0000000008002bc8                main
 .text.SystemClock_Config
                0x0000000008002c02       0x8a Src/main.o
                0x0000000008002c02                SystemClock_Config
 .text.MX_TIM2_Init
                0x0000000008002c8c      0x120 Src/main.o
 .text.MX_TIM3_Init
                0x0000000008002dac      0x124 Src/main.o
 .text.MX_TIM4_Init
                0x0000000008002ed0       0x9c Src/main.o
 .text.MX_USART1_UART_Init
                0x0000000008002f6c       0x54 Src/main.o
 .text.MX_DMA_Init
                0x0000000008002fc0       0x3c Src/main.o
 .text.MX_GPIO_Init
                0x0000000008002ffc       0xe0 Src/main.o
 .text.HAL_TIM_IC_CaptureCallback
                0x00000000080030dc       0x1c Src/main.o
                0x00000000080030dc                HAL_TIM_IC_CaptureCallback
 .text.HAL_TIM_PeriodElapsedCallback
                0x00000000080030f8       0x16 Src/main.o
                0x00000000080030f8                HAL_TIM_PeriodElapsedCallback
 .text.HAL_GPIO_EXTI_Callback
                0x000000000800310e       0x1a Src/main.o
                0x000000000800310e                HAL_GPIO_EXTI_Callback
 .text.Error_Handler
                0x0000000008003128        0xc Src/main.o
                0x0000000008003128                Error_Handler
 .text.ser1_XORChecksum
                0x0000000008003134       0x3e Src/ser1.o
                0x0000000008003134                ser1_XORChecksum
 *fill*         0x0000000008003172        0x2 
 .text.SER1_Send_Protocol
                0x0000000008003174       0x68 Src/ser1.o
                0x0000000008003174                SER1_Send_Protocol
 .text.HAL_MspInit
                0x00000000080031dc       0x64 Src/stm32f1xx_hal_msp.o
                0x00000000080031dc                HAL_MspInit
 .text.HAL_TIM_Base_MspInit
                0x0000000008003240      0x15c Src/stm32f1xx_hal_msp.o
                0x0000000008003240                HAL_TIM_Base_MspInit
 .text.HAL_UART_MspInit
                0x000000000800339c       0xfc Src/stm32f1xx_hal_msp.o
                0x000000000800339c                HAL_UART_MspInit
 .text.NMI_Handler
                0x0000000008003498        0xc Src/stm32f1xx_it.o
                0x0000000008003498                NMI_Handler
 .text.HardFault_Handler
                0x00000000080034a4        0x6 Src/stm32f1xx_it.o
                0x00000000080034a4                HardFault_Handler
 .text.MemManage_Handler
                0x00000000080034aa        0x6 Src/stm32f1xx_it.o
                0x00000000080034aa                MemManage_Handler
 .text.BusFault_Handler
                0x00000000080034b0        0x6 Src/stm32f1xx_it.o
                0x00000000080034b0                BusFault_Handler
 .text.UsageFault_Handler
                0x00000000080034b6        0x6 Src/stm32f1xx_it.o
                0x00000000080034b6                UsageFault_Handler
 .text.SVC_Handler
                0x00000000080034bc        0xc Src/stm32f1xx_it.o
                0x00000000080034bc                SVC_Handler
 .text.DebugMon_Handler
                0x00000000080034c8        0xc Src/stm32f1xx_it.o
                0x00000000080034c8                DebugMon_Handler
 .text.PendSV_Handler
                0x00000000080034d4        0xc Src/stm32f1xx_it.o
                0x00000000080034d4                PendSV_Handler
 .text.SysTick_Handler
                0x00000000080034e0        0xc Src/stm32f1xx_it.o
                0x00000000080034e0                SysTick_Handler
 .text.DMA1_Channel4_IRQHandler
                0x00000000080034ec       0x14 Src/stm32f1xx_it.o
                0x00000000080034ec                DMA1_Channel4_IRQHandler
 .text.TIM2_IRQHandler
                0x0000000008003500       0x14 Src/stm32f1xx_it.o
                0x0000000008003500                TIM2_IRQHandler
 .text.TIM3_IRQHandler
                0x0000000008003514       0x14 Src/stm32f1xx_it.o
                0x0000000008003514                TIM3_IRQHandler
 .text.TIM4_IRQHandler
                0x0000000008003528       0x14 Src/stm32f1xx_it.o
                0x0000000008003528                TIM4_IRQHandler
 .text.USART1_IRQHandler
                0x000000000800353c       0x14 Src/stm32f1xx_it.o
                0x000000000800353c                USART1_IRQHandler
 .text.EXTI15_10_IRQHandler
                0x0000000008003550       0x10 Src/stm32f1xx_it.o
                0x0000000008003550                EXTI15_10_IRQHandler
 .text.SystemInit
                0x0000000008003560       0x68 Src/system_stm32f1xx.o
                0x0000000008003560                SystemInit
 .text.TIM2_Ini
                0x00000000080035c8       0x38 Src/tim2.o
                0x00000000080035c8                TIM2_Ini
 .text.TIM2_HAL_TIM_IC_CaptureCallback
                0x0000000008003600      0x2c4 Src/tim2.o
                0x0000000008003600                TIM2_HAL_TIM_IC_CaptureCallback
 .text.TIM3_Ini
                0x00000000080038c4       0x38 Src/tim3.o
                0x00000000080038c4                TIM3_Ini
 .text.TIM3_HAL_TIM_IC_CaptureCallback
                0x00000000080038fc      0x2d0 Src/tim3.o
                0x00000000080038fc                TIM3_HAL_TIM_IC_CaptureCallback
 .text.TIM4_Ini
                0x0000000008003bcc       0x18 Src/tim4.o
                0x0000000008003bcc                TIM4_Ini
 .text.TIM4_HAL_TIM_PeriodElapsedCallback
                0x0000000008003be4      0x1e4 Src/tim4.o
                0x0000000008003be4                TIM4_HAL_TIM_PeriodElapsedCallback
 .text.Reset_Handler
                0x0000000008003dc8       0x48 Startup/startup_stm32f103c8tx.o
                0x0000000008003dc8                Reset_Handler
 .text.Default_Handler
                0x0000000008003e10        0x2 Startup/startup_stm32f103c8tx.o
                0x0000000008003e10                RTC_Alarm_IRQHandler
                0x0000000008003e10                EXTI2_IRQHandler
                0x0000000008003e10                TIM1_CC_IRQHandler
                0x0000000008003e10                PVD_IRQHandler
                0x0000000008003e10                EXTI3_IRQHandler
                0x0000000008003e10                EXTI0_IRQHandler
                0x0000000008003e10                I2C2_EV_IRQHandler
                0x0000000008003e10                ADC1_2_IRQHandler
                0x0000000008003e10                SPI1_IRQHandler
                0x0000000008003e10                TAMPER_IRQHandler
                0x0000000008003e10                USART3_IRQHandler
                0x0000000008003e10                RTC_IRQHandler
                0x0000000008003e10                DMA1_Channel7_IRQHandler
                0x0000000008003e10                CAN1_RX1_IRQHandler
                0x0000000008003e10                I2C1_EV_IRQHandler
                0x0000000008003e10                DMA1_Channel6_IRQHandler
                0x0000000008003e10                RCC_IRQHandler
                0x0000000008003e10                TIM1_TRG_COM_IRQHandler
                0x0000000008003e10                DMA1_Channel1_IRQHandler
                0x0000000008003e10                Default_Handler
                0x0000000008003e10                EXTI9_5_IRQHandler
                0x0000000008003e10                SPI2_IRQHandler
                0x0000000008003e10                DMA1_Channel5_IRQHandler
                0x0000000008003e10                EXTI4_IRQHandler
                0x0000000008003e10                USB_LP_CAN1_RX0_IRQHandler
                0x0000000008003e10                USB_HP_CAN1_TX_IRQHandler
                0x0000000008003e10                DMA1_Channel3_IRQHandler
                0x0000000008003e10                TIM1_UP_IRQHandler
                0x0000000008003e10                WWDG_IRQHandler
                0x0000000008003e10                TIM1_BRK_IRQHandler
                0x0000000008003e10                EXTI1_IRQHandler
                0x0000000008003e10                USART2_IRQHandler
                0x0000000008003e10                I2C2_ER_IRQHandler
                0x0000000008003e10                DMA1_Channel2_IRQHandler
                0x0000000008003e10                CAN1_SCE_IRQHandler
                0x0000000008003e10                FLASH_IRQHandler
                0x0000000008003e10                I2C1_ER_IRQHandler
                0x0000000008003e10                USBWakeUp_IRQHandler
 *fill*         0x0000000008003e12        0x2 
 .text.__libc_init_array
                0x0000000008003e14       0x48 c:/st/stm32cubeide_1.0.0/stm32cubeide/plugins/com.st.stm32cube.ide.mcu.externaltools.gnu-tools-for-stm32.7-2018-q2-update.win32_1.0.0.201904181610/tools/bin/../lib/gcc/arm-none-eabi/7.3.1/../../../../arm-none-eabi/lib/thumb/v7-m\libc_nano.a(lib_a-init.o)
                0x0000000008003e14                __libc_init_array
 .text.memcpy   0x0000000008003e5c       0x16 c:/st/stm32cubeide_1.0.0/stm32cubeide/plugins/com.st.stm32cube.ide.mcu.externaltools.gnu-tools-for-stm32.7-2018-q2-update.win32_1.0.0.201904181610/tools/bin/../lib/gcc/arm-none-eabi/7.3.1/../../../../arm-none-eabi/lib/thumb/v7-m\libc_nano.a(lib_a-memcpy-stub.o)
                0x0000000008003e5c                memcpy
 .text.memset   0x0000000008003e72       0x10 c:/st/stm32cubeide_1.0.0/stm32cubeide/plugins/com.st.stm32cube.ide.mcu.externaltools.gnu-tools-for-stm32.7-2018-q2-update.win32_1.0.0.201904181610/tools/bin/../lib/gcc/arm-none-eabi/7.3.1/../../../../arm-none-eabi/lib/thumb/v7-m\libc_nano.a(lib_a-memset.o)
                0x0000000008003e72                memset
 *(.glue_7)
 .glue_7        0x0000000008003e82        0x0 linker stubs
 *(.glue_7t)
 .glue_7t       0x0000000008003e82        0x0 linker stubs
 *(.eh_frame)
 *fill*         0x0000000008003e82        0x2 
 .eh_frame      0x0000000008003e84        0x0 c:/st/stm32cubeide_1.0.0/stm32cubeide/plugins/com.st.stm32cube.ide.mcu.externaltools.gnu-tools-for-stm32.7-2018-q2-update.win32_1.0.0.201904181610/tools/bin/../lib/gcc/arm-none-eabi/7.3.1/thumb/v7-m/crtbegin.o
 *(.init)
 .init          0x0000000008003e84        0x4 c:/st/stm32cubeide_1.0.0/stm32cubeide/plugins/com.st.stm32cube.ide.mcu.externaltools.gnu-tools-for-stm32.7-2018-q2-update.win32_1.0.0.201904181610/tools/bin/../lib/gcc/arm-none-eabi/7.3.1/thumb/v7-m/crti.o
                0x0000000008003e84                _init
 .init          0x0000000008003e88        0x8 c:/st/stm32cubeide_1.0.0/stm32cubeide/plugins/com.st.stm32cube.ide.mcu.externaltools.gnu-tools-for-stm32.7-2018-q2-update.win32_1.0.0.201904181610/tools/bin/../lib/gcc/arm-none-eabi/7.3.1/thumb/v7-m/crtn.o
 *(.fini)
 .fini          0x0000000008003e90        0x4 c:/st/stm32cubeide_1.0.0/stm32cubeide/plugins/com.st.stm32cube.ide.mcu.externaltools.gnu-tools-for-stm32.7-2018-q2-update.win32_1.0.0.201904181610/tools/bin/../lib/gcc/arm-none-eabi/7.3.1/thumb/v7-m/crti.o
                0x0000000008003e90                _fini
 .fini          0x0000000008003e94        0x8 c:/st/stm32cubeide_1.0.0/stm32cubeide/plugins/com.st.stm32cube.ide.mcu.externaltools.gnu-tools-for-stm32.7-2018-q2-update.win32_1.0.0.201904181610/tools/bin/../lib/gcc/arm-none-eabi/7.3.1/thumb/v7-m/crtn.o
                0x0000000008003e9c                . = ALIGN (0x4)
                0x0000000008003e9c                _etext = .

.vfp11_veneer   0x0000000008003e9c        0x0
 .vfp11_veneer  0x0000000008003e9c        0x0 linker stubs

.v4_bx          0x0000000008003e9c        0x0
 .v4_bx         0x0000000008003e9c        0x0 linker stubs

.iplt           0x0000000008003e9c        0x0
 .iplt          0x0000000008003e9c        0x0 c:/st/stm32cubeide_1.0.0/stm32cubeide/plugins/com.st.stm32cube.ide.mcu.externaltools.gnu-tools-for-stm32.7-2018-q2-update.win32_1.0.0.201904181610/tools/bin/../lib/gcc/arm-none-eabi/7.3.1/thumb/v7-m/crtbegin.o

.rodata         0x0000000008003e9c       0x2c
                0x0000000008003e9c                . = ALIGN (0x4)
 *(.rodata)
 .rodata        0x0000000008003e9c       0x12 Drivers/STM32F1xx_HAL_Driver/Src/stm32f1xx_hal_rcc.o
 *(.rodata*)
 *fill*         0x0000000008003eae        0x2 
 .rodata.AHBPrescTable
                0x0000000008003eb0       0x10 Src/system_stm32f1xx.o
                0x0000000008003eb0                AHBPrescTable
 .rodata.APBPrescTable
                0x0000000008003ec0        0x8 Src/system_stm32f1xx.o
                0x0000000008003ec0                APBPrescTable
                0x0000000008003ec8                . = ALIGN (0x4)

.rel.dyn        0x0000000008003ec8        0x0
 .rel.iplt      0x0000000008003ec8        0x0 c:/st/stm32cubeide_1.0.0/stm32cubeide/plugins/com.st.stm32cube.ide.mcu.externaltools.gnu-tools-for-stm32.7-2018-q2-update.win32_1.0.0.201904181610/tools/bin/../lib/gcc/arm-none-eabi/7.3.1/thumb/v7-m/crtbegin.o

.ARM.extab      0x0000000008003ec8        0x0
                0x0000000008003ec8                . = ALIGN (0x4)
 *(.ARM.extab* .gnu.linkonce.armextab.*)
                0x0000000008003ec8                . = ALIGN (0x4)

.ARM            0x0000000008003ec8        0x0
                0x0000000008003ec8                . = ALIGN (0x4)
                0x0000000008003ec8                __exidx_start = .
 *(.ARM.exidx*)
                0x0000000008003ec8                __exidx_end = .
                0x0000000008003ec8                . = ALIGN (0x4)

.preinit_array  0x0000000008003ec8        0x0
                0x0000000008003ec8                . = ALIGN (0x4)
                0x0000000008003ec8                PROVIDE (__preinit_array_start = .)
 *(.preinit_array*)
                0x0000000008003ec8                PROVIDE (__preinit_array_end = .)
                0x0000000008003ec8                . = ALIGN (0x4)

.init_array     0x0000000008003ec8        0x4
                0x0000000008003ec8                . = ALIGN (0x4)
                0x0000000008003ec8                PROVIDE (__init_array_start = .)
 *(SORT_BY_NAME(.init_array.*))
 *(.init_array*)
 .init_array    0x0000000008003ec8        0x4 c:/st/stm32cubeide_1.0.0/stm32cubeide/plugins/com.st.stm32cube.ide.mcu.externaltools.gnu-tools-for-stm32.7-2018-q2-update.win32_1.0.0.201904181610/tools/bin/../lib/gcc/arm-none-eabi/7.3.1/thumb/v7-m/crtbegin.o
                0x0000000008003ecc                PROVIDE (__init_array_end = .)
                0x0000000008003ecc                . = ALIGN (0x4)

.fini_array     0x0000000008003ecc        0x4
                0x0000000008003ecc                . = ALIGN (0x4)
                [!provide]                        PROVIDE (__fini_array_start = .)
 *(SORT_BY_NAME(.fini_array.*))
 *(.fini_array*)
 .fini_array    0x0000000008003ecc        0x4 c:/st/stm32cubeide_1.0.0/stm32cubeide/plugins/com.st.stm32cube.ide.mcu.externaltools.gnu-tools-for-stm32.7-2018-q2-update.win32_1.0.0.201904181610/tools/bin/../lib/gcc/arm-none-eabi/7.3.1/thumb/v7-m/crtbegin.o
                [!provide]                        PROVIDE (__fini_array_end = .)
                0x0000000008003ed0                . = ALIGN (0x4)
                0x0000000008003ed0                _sidata = LOADADDR (.data)

.data           0x0000000020000000        0xc load address 0x0000000008003ed0
                0x0000000020000000                . = ALIGN (0x4)
                0x0000000020000000                _sdata = .
 *(.data)
 *(.data*)
 .data.uwTickPrio
                0x0000000020000000        0x4 Drivers/STM32F1xx_HAL_Driver/Src/stm32f1xx_hal.o
                0x0000000020000000                uwTickPrio
 .data.uwTickFreq
                0x0000000020000004        0x1 Drivers/STM32F1xx_HAL_Driver/Src/stm32f1xx_hal.o
                0x0000000020000004                uwTickFreq
 *fill*         0x0000000020000005        0x3 
 .data.SystemCoreClock
                0x0000000020000008        0x4 Src/system_stm32f1xx.o
                0x0000000020000008                SystemCoreClock
                0x000000002000000c                . = ALIGN (0x4)
                0x000000002000000c                _edata = .

.igot.plt       0x000000002000000c        0x0 load address 0x0000000008003edc
 .igot.plt      0x000000002000000c        0x0 c:/st/stm32cubeide_1.0.0/stm32cubeide/plugins/com.st.stm32cube.ide.mcu.externaltools.gnu-tools-for-stm32.7-2018-q2-update.win32_1.0.0.201904181610/tools/bin/../lib/gcc/arm-none-eabi/7.3.1/thumb/v7-m/crtbegin.o
                0x000000002000000c                . = ALIGN (0x4)

.bss            0x0000000020000010      0xa24 load address 0x0000000008003edc
                0x0000000020000010                _sbss = .
                0x0000000020000010                __bss_start__ = _sbss
 *(.bss)
 .bss           0x0000000020000010       0x1c c:/st/stm32cubeide_1.0.0/stm32cubeide/plugins/com.st.stm32cube.ide.mcu.externaltools.gnu-tools-for-stm32.7-2018-q2-update.win32_1.0.0.201904181610/tools/bin/../lib/gcc/arm-none-eabi/7.3.1/thumb/v7-m/crtbegin.o
 *(.bss*)
 .bss.FSE_u8FailSafe_LEDisOnCounter_Blocking
                0x000000002000002c        0x1 Src/fse.o
                0x000000002000002c                FSE_u8FailSafe_LEDisOnCounter_Blocking
 *(COMMON)
 *fill*         0x000000002000002d        0x3 
 COMMON         0x0000000020000030        0x4 Drivers/STM32F1xx_HAL_Driver/Src/stm32f1xx_hal.o
                0x0000000020000030                uwTick
 *fill*         0x0000000020000034        0x4 
 COMMON         0x0000000020000038      0x9b6 Src/ctl.o
                0x0000000020000038                SER1_au8RecBuf
                0x0000000020000438                htim4
                0x0000000020000478                unAnyData
                0x0000000020000480                au8Temp
                0x00000000200004e4                SER1_TransmitFrameLength
                0x00000000200004e8                htim3
                0x0000000020000528                hdma_usart1_tx
                0x000000002000056c                huart1
                0x00000000200005ac                SER1_au8SndBuf
                0x00000000200009ac                htim2
                0x00000000200009ec                SER1_u8ReceivedPayloadLength
                0x00000000200009ed                SER1_u8SendPollingRunning
 COMMON         0x00000000200009ee        0x5 Src/fse.o
                0x00000000200009ee                FSE_u8FailSafe_LEDisOnCounter
                0x00000000200009ef                FSE_u8FailSafe_LEDisOn
                0x00000000200009f0                FSE_u16FailSafe_LEDisBlinkingCounter
                0x00000000200009f2                FSE_u8FailSafe_LEDisBlinking
 *fill*         0x00000000200009f3        0x1 
 COMMON         0x00000000200009f4       0x18 Src/tim2.o
                0x00000000200009f4                TIM2_u16Ch1_PulseTime
                0x00000000200009f6                tim2_u16Ch2_Capture_Falling_Edge
                0x00000000200009f8                tim2_u16Ch4_Capture_Falling_Edge
                0x00000000200009fa                TIM2_u16Ch2_PulseTime
                0x00000000200009fc                tim2_u16Ch3_Capture_Rising_Edge
                0x00000000200009fe                tim2_u16Ch1_Capture_Falling_Edge
                0x0000000020000a00                tim2_u16Ch2_Capture_Rising_Edge
                0x0000000020000a02                TIM2_u16Ch4_PulseTime
                0x0000000020000a04                tim2_u16Ch3_Capture_Falling_Edge
                0x0000000020000a06                tim2_u16Ch1_Capture_Rising_Edge
                0x0000000020000a08                tim2_u16Ch4_Capture_Rising_Edge
                0x0000000020000a0a                TIM2_u16Ch3_PulseTime
 COMMON         0x0000000020000a0c       0x18 Src/tim3.o
                0x0000000020000a0c                tim3_u16Ch2_Capture_Falling_Edge
                0x0000000020000a0e                tim3_u16Ch4_Capture_Rising_Edge
                0x0000000020000a10                TIM3_u16Ch2_PulseTime
                0x0000000020000a12                TIM3_u16Ch3_PulseTime
                0x0000000020000a14                tim3_u16Ch4_Capture_Falling_Edge
                0x0000000020000a16                tim3_u16Ch1_Capture_Falling_Edge
                0x0000000020000a18                TIM3_u16Ch4_PulseTime
                0x0000000020000a1a                tim3_u16Ch3_Capture_Rising_Edge
                0x0000000020000a1c                tim3_u16Ch3_Capture_Falling_Edge
                0x0000000020000a1e                tim3_u16Ch1_Capture_Rising_Edge
                0x0000000020000a20                tim3_u16Ch2_Capture_Rising_Edge
                0x0000000020000a22                TIM3_u16Ch1_PulseTime
 COMMON         0x0000000020000a24       0x10 Src/tim4.o
                0x0000000020000a24                TIM4_TIM3_u16Ch3_Counter
                0x0000000020000a26                TIM4_TIM3_u16Ch1_Counter
                0x0000000020000a28                TIM4_TIM2_u16Ch3_Counter
                0x0000000020000a2a                TIM4_TIM3_u16Ch2_Counter
                0x0000000020000a2c                TIM4_TIM2_u16Ch1_Counter
                0x0000000020000a2e                TIM4_TIM3_u16Ch4_Counter
                0x0000000020000a30                TIM4_TIM2_u16Ch2_Counter
                0x0000000020000a32                TIM4_TIM2_u16Ch4_Counter
                0x0000000020000a34                . = ALIGN (0x4)
                0x0000000020000a34                _ebss = .
                0x0000000020000a34                __bss_end__ = _ebss

._user_heap_stack
                0x0000000020000a34      0x604 load address 0x0000000008003edc
                0x0000000020000a38                . = ALIGN (0x8)
 *fill*         0x0000000020000a34        0x4 
                0x0000000020000a38                PROVIDE (end = .)
                [!provide]                        PROVIDE (_end = .)
                0x0000000020000c38                . = (. + _Min_Heap_Size)
 *fill*         0x0000000020000a38      0x200 
                0x0000000020001038                . = (. + _Min_Stack_Size)
 *fill*         0x0000000020000c38      0x400 
                0x0000000020001038                . = ALIGN (0x8)

/DISCARD/
 libc.a(*)
 libm.a(*)
 libgcc.a(*)

.ARM.attributes
                0x0000000000000000       0x29
 *(.ARM.attributes)
 .ARM.attributes
                0x0000000000000000       0x1d c:/st/stm32cubeide_1.0.0/stm32cubeide/plugins/com.st.stm32cube.ide.mcu.externaltools.gnu-tools-for-stm32.7-2018-q2-update.win32_1.0.0.201904181610/tools/bin/../lib/gcc/arm-none-eabi/7.3.1/thumb/v7-m/crti.o
 .ARM.attributes
                0x000000000000001d       0x2d c:/st/stm32cubeide_1.0.0/stm32cubeide/plugins/com.st.stm32cube.ide.mcu.externaltools.gnu-tools-for-stm32.7-2018-q2-update.win32_1.0.0.201904181610/tools/bin/../lib/gcc/arm-none-eabi/7.3.1/thumb/v7-m/crtbegin.o
 .ARM.attributes
                0x000000000000004a       0x33 Drivers/STM32F1xx_HAL_Driver/Src/stm32f1xx_hal.o
 .ARM.attributes
                0x000000000000007d       0x33 Drivers/STM32F1xx_HAL_Driver/Src/stm32f1xx_hal_cortex.o
 .ARM.attributes
                0x00000000000000b0       0x33 Drivers/STM32F1xx_HAL_Driver/Src/stm32f1xx_hal_dma.o
 .ARM.attributes
                0x00000000000000e3       0x33 Drivers/STM32F1xx_HAL_Driver/Src/stm32f1xx_hal_gpio.o
 .ARM.attributes
                0x0000000000000116       0x33 Drivers/STM32F1xx_HAL_Driver/Src/stm32f1xx_hal_rcc.o
 .ARM.attributes
                0x0000000000000149       0x33 Drivers/STM32F1xx_HAL_Driver/Src/stm32f1xx_hal_tim.o
 .ARM.attributes
                0x000000000000017c       0x33 Drivers/STM32F1xx_HAL_Driver/Src/stm32f1xx_hal_tim_ex.o
 .ARM.attributes
                0x00000000000001af       0x33 Drivers/STM32F1xx_HAL_Driver/Src/stm32f1xx_hal_uart.o
 .ARM.attributes
                0x00000000000001e2       0x33 Src/ctl.o
 .ARM.attributes
                0x0000000000000215       0x33 Src/exti.o
 .ARM.attributes
                0x0000000000000248       0x33 Src/fse.o
 .ARM.attributes
                0x000000000000027b       0x33 Src/main.o
 .ARM.attributes
                0x00000000000002ae       0x33 Src/ser1.o
 .ARM.attributes
                0x00000000000002e1       0x33 Src/stm32f1xx_hal_msp.o
 .ARM.attributes
                0x0000000000000314       0x33 Src/stm32f1xx_it.o
 .ARM.attributes
                0x0000000000000347       0x33 Src/system_stm32f1xx.o
 .ARM.attributes
                0x000000000000037a       0x33 Src/tim2.o
 .ARM.attributes
                0x00000000000003ad       0x33 Src/tim3.o
 .ARM.attributes
                0x00000000000003e0       0x33 Src/tim4.o
 .ARM.attributes
                0x0000000000000413       0x21 Startup/startup_stm32f103c8tx.o
 .ARM.attributes
                0x0000000000000434       0x2d c:/st/stm32cubeide_1.0.0/stm32cubeide/plugins/com.st.stm32cube.ide.mcu.externaltools.gnu-tools-for-stm32.7-2018-q2-update.win32_1.0.0.201904181610/tools/bin/../lib/gcc/arm-none-eabi/7.3.1/../../../../arm-none-eabi/lib/thumb/v7-m\libc_nano.a(lib_a-init.o)
 .ARM.attributes
                0x0000000000000461       0x2d c:/st/stm32cubeide_1.0.0/stm32cubeide/plugins/com.st.stm32cube.ide.mcu.externaltools.gnu-tools-for-stm32.7-2018-q2-update.win32_1.0.0.201904181610/tools/bin/../lib/gcc/arm-none-eabi/7.3.1/../../../../arm-none-eabi/lib/thumb/v7-m\libc_nano.a(lib_a-memcpy-stub.o)
 .ARM.attributes
                0x000000000000048e       0x2d c:/st/stm32cubeide_1.0.0/stm32cubeide/plugins/com.st.stm32cube.ide.mcu.externaltools.gnu-tools-for-stm32.7-2018-q2-update.win32_1.0.0.201904181610/tools/bin/../lib/gcc/arm-none-eabi/7.3.1/../../../../arm-none-eabi/lib/thumb/v7-m\libc_nano.a(lib_a-memset.o)
 .ARM.attributes
                0x00000000000004bb       0x1d c:/st/stm32cubeide_1.0.0/stm32cubeide/plugins/com.st.stm32cube.ide.mcu.externaltools.gnu-tools-for-stm32.7-2018-q2-update.win32_1.0.0.201904181610/tools/bin/../lib/gcc/arm-none-eabi/7.3.1/thumb/v7-m/crtn.o
OUTPUT(RC_PPM_to_UART.elf elf32-littlearm)

.debug_info     0x0000000000000000    0x157dd
 .debug_info    0x0000000000000000      0xefa Drivers/STM32F1xx_HAL_Driver/Src/stm32f1xx_hal.o
 .debug_info    0x0000000000000efa     0x1348 Drivers/STM32F1xx_HAL_Driver/Src/stm32f1xx_hal_cortex.o
 .debug_info    0x0000000000002242      0xfb6 Drivers/STM32F1xx_HAL_Driver/Src/stm32f1xx_hal_dma.o
 .debug_info    0x00000000000031f8      0xead Drivers/STM32F1xx_HAL_Driver/Src/stm32f1xx_hal_gpio.o
 .debug_info    0x00000000000040a5     0x1029 Drivers/STM32F1xx_HAL_Driver/Src/stm32f1xx_hal_rcc.o
 .debug_info    0x00000000000050ce     0x2a15 Drivers/STM32F1xx_HAL_Driver/Src/stm32f1xx_hal_tim.o
 .debug_info    0x0000000000007ae3     0x17c5 Drivers/STM32F1xx_HAL_Driver/Src/stm32f1xx_hal_tim_ex.o
 .debug_info    0x00000000000092a8     0x19e0 Drivers/STM32F1xx_HAL_Driver/Src/stm32f1xx_hal_uart.o
 .debug_info    0x000000000000ac88     0x1359 Src/ctl.o
 .debug_info    0x000000000000bfe1      0xa46 Src/exti.o
 .debug_info    0x000000000000ca27      0x119 Src/fse.o
 .debug_info    0x000000000000cb40     0x1886 Src/main.o
 .debug_info    0x000000000000e3c6      0xc06 Src/ser1.o
 .debug_info    0x000000000000efcc     0x1520 Src/stm32f1xx_hal_msp.o
 .debug_info    0x00000000000104ec     0x1133 Src/stm32f1xx_it.o
 .debug_info    0x000000000001161f      0xc49 Src/system_stm32f1xx.o
 .debug_info    0x0000000000012268     0x11a7 Src/tim2.o
 .debug_info    0x000000000001340f     0x11a7 Src/tim3.o
 .debug_info    0x00000000000145b6     0x1205 Src/tim4.o
 .debug_info    0x00000000000157bb       0x22 Startup/startup_stm32f103c8tx.o

.debug_abbrev   0x0000000000000000     0x2b37
 .debug_abbrev  0x0000000000000000      0x2bd Drivers/STM32F1xx_HAL_Driver/Src/stm32f1xx_hal.o
 .debug_abbrev  0x00000000000002bd      0x36d Drivers/STM32F1xx_HAL_Driver/Src/stm32f1xx_hal_cortex.o
 .debug_abbrev  0x000000000000062a      0x26f Drivers/STM32F1xx_HAL_Driver/Src/stm32f1xx_hal_dma.o
 .debug_abbrev  0x0000000000000899      0x251 Drivers/STM32F1xx_HAL_Driver/Src/stm32f1xx_hal_gpio.o
 .debug_abbrev  0x0000000000000aea      0x2eb Drivers/STM32F1xx_HAL_Driver/Src/stm32f1xx_hal_rcc.o
 .debug_abbrev  0x0000000000000dd5      0x2b2 Drivers/STM32F1xx_HAL_Driver/Src/stm32f1xx_hal_tim.o
 .debug_abbrev  0x0000000000001087      0x28f Drivers/STM32F1xx_HAL_Driver/Src/stm32f1xx_hal_tim_ex.o
 .debug_abbrev  0x0000000000001316      0x2b3 Drivers/STM32F1xx_HAL_Driver/Src/stm32f1xx_hal_uart.o
 .debug_abbrev  0x00000000000015c9      0x1f2 Src/ctl.o
 .debug_abbrev  0x00000000000017bb      0x1c9 Src/exti.o
 .debug_abbrev  0x0000000000001984       0x70 Src/fse.o
 .debug_abbrev  0x00000000000019f4      0x2a2 Src/main.o
 .debug_abbrev  0x0000000000001c96      0x273 Src/ser1.o
 .debug_abbrev  0x0000000000001f09      0x240 Src/stm32f1xx_hal_msp.o
 .debug_abbrev  0x0000000000002149      0x1e3 Src/stm32f1xx_it.o
 .debug_abbrev  0x000000000000232c      0x1f0 Src/system_stm32f1xx.o
 .debug_abbrev  0x000000000000251c      0x203 Src/tim2.o
 .debug_abbrev  0x000000000000271f      0x203 Src/tim3.o
 .debug_abbrev  0x0000000000002922      0x203 Src/tim4.o
 .debug_abbrev  0x0000000000002b25       0x12 Startup/startup_stm32f103c8tx.o

.debug_aranges  0x0000000000000000      0xc98
 .debug_aranges
                0x0000000000000000       0xd0 Drivers/STM32F1xx_HAL_Driver/Src/stm32f1xx_hal.o
 .debug_aranges
                0x00000000000000d0      0x100 Drivers/STM32F1xx_HAL_Driver/Src/stm32f1xx_hal_cortex.o
 .debug_aranges
                0x00000000000001d0       0x80 Drivers/STM32F1xx_HAL_Driver/Src/stm32f1xx_hal_dma.o
 .debug_aranges
                0x0000000000000250       0x58 Drivers/STM32F1xx_HAL_Driver/Src/stm32f1xx_hal_gpio.o
 .debug_aranges
                0x00000000000002a8       0x90 Drivers/STM32F1xx_HAL_Driver/Src/stm32f1xx_hal_rcc.o
 .debug_aranges
                0x0000000000000338      0x368 Drivers/STM32F1xx_HAL_Driver/Src/stm32f1xx_hal_tim.o
 .debug_aranges
                0x00000000000006a0      0x138 Drivers/STM32F1xx_HAL_Driver/Src/stm32f1xx_hal_tim_ex.o
 .debug_aranges
                0x00000000000007d8      0x1d0 Drivers/STM32F1xx_HAL_Driver/Src/stm32f1xx_hal_uart.o
 .debug_aranges
                0x00000000000009a8       0x28 Src/ctl.o
 .debug_aranges
                0x00000000000009d0       0x28 Src/exti.o
 .debug_aranges
                0x00000000000009f8       0x20 Src/fse.o
 .debug_aranges
                0x0000000000000a18       0x78 Src/main.o
 .debug_aranges
                0x0000000000000a90       0x70 Src/ser1.o
 .debug_aranges
                0x0000000000000b00       0x40 Src/stm32f1xx_hal_msp.o
 .debug_aranges
                0x0000000000000b40       0x90 Src/stm32f1xx_it.o
 .debug_aranges
                0x0000000000000bd0       0x28 Src/system_stm32f1xx.o
 .debug_aranges
                0x0000000000000bf8       0x28 Src/tim2.o
 .debug_aranges
                0x0000000000000c20       0x28 Src/tim3.o
 .debug_aranges
                0x0000000000000c48       0x28 Src/tim4.o
 .debug_aranges
                0x0000000000000c70       0x28 Startup/startup_stm32f103c8tx.o

.debug_ranges   0x0000000000000000      0xb60
 .debug_ranges  0x0000000000000000       0xc0 Drivers/STM32F1xx_HAL_Driver/Src/stm32f1xx_hal.o
 .debug_ranges  0x00000000000000c0       0xf0 Drivers/STM32F1xx_HAL_Driver/Src/stm32f1xx_hal_cortex.o
 .debug_ranges  0x00000000000001b0       0x70 Drivers/STM32F1xx_HAL_Driver/Src/stm32f1xx_hal_dma.o
 .debug_ranges  0x0000000000000220       0x48 Drivers/STM32F1xx_HAL_Driver/Src/stm32f1xx_hal_gpio.o
 .debug_ranges  0x0000000000000268       0x80 Drivers/STM32F1xx_HAL_Driver/Src/stm32f1xx_hal_rcc.o
 .debug_ranges  0x00000000000002e8      0x358 Drivers/STM32F1xx_HAL_Driver/Src/stm32f1xx_hal_tim.o
 .debug_ranges  0x0000000000000640      0x128 Drivers/STM32F1xx_HAL_Driver/Src/stm32f1xx_hal_tim_ex.o
 .debug_ranges  0x0000000000000768      0x1c0 Drivers/STM32F1xx_HAL_Driver/Src/stm32f1xx_hal_uart.o
 .debug_ranges  0x0000000000000928       0x18 Src/ctl.o
 .debug_ranges  0x0000000000000940       0x18 Src/exti.o
 .debug_ranges  0x0000000000000958       0x10 Src/fse.o
 .debug_ranges  0x0000000000000968       0x68 Src/main.o
 .debug_ranges  0x00000000000009d0       0x60 Src/ser1.o
 .debug_ranges  0x0000000000000a30       0x30 Src/stm32f1xx_hal_msp.o
 .debug_ranges  0x0000000000000a60       0x80 Src/stm32f1xx_it.o
 .debug_ranges  0x0000000000000ae0       0x18 Src/system_stm32f1xx.o
 .debug_ranges  0x0000000000000af8       0x18 Src/tim2.o
 .debug_ranges  0x0000000000000b10       0x18 Src/tim3.o
 .debug_ranges  0x0000000000000b28       0x18 Src/tim4.o
 .debug_ranges  0x0000000000000b40       0x20 Startup/startup_stm32f103c8tx.o

.debug_macro    0x0000000000000000    0x168c8
 .debug_macro   0x0000000000000000      0x308 Drivers/STM32F1xx_HAL_Driver/Src/stm32f1xx_hal.o
 .debug_macro   0x0000000000000308      0xa5a Drivers/STM32F1xx_HAL_Driver/Src/stm32f1xx_hal.o
 .debug_macro   0x0000000000000d62      0x175 Drivers/STM32F1xx_HAL_Driver/Src/stm32f1xx_hal.o
 .debug_macro   0x0000000000000ed7       0x2e Drivers/STM32F1xx_HAL_Driver/Src/stm32f1xx_hal.o
 .debug_macro   0x0000000000000f05       0x22 Drivers/STM32F1xx_HAL_Driver/Src/stm32f1xx_hal.o
 .debug_macro   0x0000000000000f27       0x22 Drivers/STM32F1xx_HAL_Driver/Src/stm32f1xx_hal.o
 .debug_macro   0x0000000000000f49       0x8e Drivers/STM32F1xx_HAL_Driver/Src/stm32f1xx_hal.o
 .debug_macro   0x0000000000000fd7       0x51 Drivers/STM32F1xx_HAL_Driver/Src/stm32f1xx_hal.o
 .debug_macro   0x0000000000001028       0xef Drivers/STM32F1xx_HAL_Driver/Src/stm32f1xx_hal.o
 .debug_macro   0x0000000000001117       0x6a Drivers/STM32F1xx_HAL_Driver/Src/stm32f1xx_hal.o
 .debug_macro   0x0000000000001181      0x1df Drivers/STM32F1xx_HAL_Driver/Src/stm32f1xx_hal.o
 .debug_macro   0x0000000000001360       0x34 Drivers/STM32F1xx_HAL_Driver/Src/stm32f1xx_hal.o
 .debug_macro   0x0000000000001394       0x34 Drivers/STM32F1xx_HAL_Driver/Src/stm32f1xx_hal.o
 .debug_macro   0x00000000000013c8      0xb8e Drivers/STM32F1xx_HAL_Driver/Src/stm32f1xx_hal.o
 .debug_macro   0x0000000000001f56     0xe911 Drivers/STM32F1xx_HAL_Driver/Src/stm32f1xx_hal.o
 .debug_macro   0x0000000000010867       0x43 Drivers/STM32F1xx_HAL_Driver/Src/stm32f1xx_hal.o
 .debug_macro   0x00000000000108aa       0x46 Drivers/STM32F1xx_HAL_Driver/Src/stm32f1xx_hal.o
 .debug_macro   0x00000000000108f0       0x18 Drivers/STM32F1xx_HAL_Driver/Src/stm32f1xx_hal.o
 .debug_macro   0x0000000000010908       0x3c Drivers/STM32F1xx_HAL_Driver/Src/stm32f1xx_hal.o
 .debug_macro   0x0000000000010944       0x34 Drivers/STM32F1xx_HAL_Driver/Src/stm32f1xx_hal.o
 .debug_macro   0x0000000000010978       0x16 Drivers/STM32F1xx_HAL_Driver/Src/stm32f1xx_hal.o
 .debug_macro   0x000000000001098e       0x97 Drivers/STM32F1xx_HAL_Driver/Src/stm32f1xx_hal.o
 .debug_macro   0x0000000000010a25      0x330 Drivers/STM32F1xx_HAL_Driver/Src/stm32f1xx_hal.o
 .debug_macro   0x0000000000010d55       0xfd Drivers/STM32F1xx_HAL_Driver/Src/stm32f1xx_hal.o
 .debug_macro   0x0000000000010e52       0x10 Drivers/STM32F1xx_HAL_Driver/Src/stm32f1xx_hal.o
 .debug_macro   0x0000000000010e62       0x52 Drivers/STM32F1xx_HAL_Driver/Src/stm32f1xx_hal.o
 .debug_macro   0x0000000000010eb4       0x1f Drivers/STM32F1xx_HAL_Driver/Src/stm32f1xx_hal.o
 .debug_macro   0x0000000000010ed3       0x43 Drivers/STM32F1xx_HAL_Driver/Src/stm32f1xx_hal.o
 .debug_macro   0x0000000000010f16       0x20 Drivers/STM32F1xx_HAL_Driver/Src/stm32f1xx_hal.o
 .debug_macro   0x0000000000010f36      0x1a3 Drivers/STM32F1xx_HAL_Driver/Src/stm32f1xx_hal.o
 .debug_macro   0x00000000000110d9       0x10 Drivers/STM32F1xx_HAL_Driver/Src/stm32f1xx_hal.o
 .debug_macro   0x00000000000110e9       0x1c Drivers/STM32F1xx_HAL_Driver/Src/stm32f1xx_hal.o
 .debug_macro   0x0000000000011105       0x52 Drivers/STM32F1xx_HAL_Driver/Src/stm32f1xx_hal.o
 .debug_macro   0x0000000000011157       0x40 Drivers/STM32F1xx_HAL_Driver/Src/stm32f1xx_hal.o
 .debug_macro   0x0000000000011197       0x10 Drivers/STM32F1xx_HAL_Driver/Src/stm32f1xx_hal.o
 .debug_macro   0x00000000000111a7       0x40 Drivers/STM32F1xx_HAL_Driver/Src/stm32f1xx_hal.o
 .debug_macro   0x00000000000111e7       0xd7 Drivers/STM32F1xx_HAL_Driver/Src/stm32f1xx_hal.o
 .debug_macro   0x00000000000112be       0x1c Drivers/STM32F1xx_HAL_Driver/Src/stm32f1xx_hal.o
 .debug_macro   0x00000000000112da       0x3d Drivers/STM32F1xx_HAL_Driver/Src/stm32f1xx_hal.o
 .debug_macro   0x0000000000011317       0x16 Drivers/STM32F1xx_HAL_Driver/Src/stm32f1xx_hal.o
 .debug_macro   0x000000000001132d      0x145 Drivers/STM32F1xx_HAL_Driver/Src/stm32f1xx_hal.o
 .debug_macro   0x0000000000011472       0x57 Drivers/STM32F1xx_HAL_Driver/Src/stm32f1xx_hal.o
 .debug_macro   0x00000000000114c9      0x5c2 Drivers/STM32F1xx_HAL_Driver/Src/stm32f1xx_hal.o
 .debug_macro   0x0000000000011a8b      0x28a Drivers/STM32F1xx_HAL_Driver/Src/stm32f1xx_hal.o
 .debug_macro   0x0000000000011d15      0x1cb Drivers/STM32F1xx_HAL_Driver/Src/stm32f1xx_hal.o
 .debug_macro   0x0000000000011ee0      0x11e Drivers/STM32F1xx_HAL_Driver/Src/stm32f1xx_hal.o
 .debug_macro   0x0000000000011ffe      0x1b3 Drivers/STM32F1xx_HAL_Driver/Src/stm32f1xx_hal.o
 .debug_macro   0x00000000000121b1       0x27 Drivers/STM32F1xx_HAL_Driver/Src/stm32f1xx_hal.o
 .debug_macro   0x00000000000121d8      0x1bc Drivers/STM32F1xx_HAL_Driver/Src/stm32f1xx_hal.o
 .debug_macro   0x0000000000012394       0x34 Drivers/STM32F1xx_HAL_Driver/Src/stm32f1xx_hal.o
 .debug_macro   0x00000000000123c8       0x3c Drivers/STM32F1xx_HAL_Driver/Src/stm32f1xx_hal.o
 .debug_macro   0x0000000000012404       0x57 Drivers/STM32F1xx_HAL_Driver/Src/stm32f1xx_hal.o
 .debug_macro   0x000000000001245b       0x8c Drivers/STM32F1xx_HAL_Driver/Src/stm32f1xx_hal.o
 .debug_macro   0x00000000000124e7      0x242 Drivers/STM32F1xx_HAL_Driver/Src/stm32f1xx_hal.o
 .debug_macro   0x0000000000012729      0x143 Drivers/STM32F1xx_HAL_Driver/Src/stm32f1xx_hal.o
 .debug_macro   0x000000000001286c      0x853 Drivers/STM32F1xx_HAL_Driver/Src/stm32f1xx_hal.o
 .debug_macro   0x00000000000130bf       0x1f Drivers/STM32F1xx_HAL_Driver/Src/stm32f1xx_hal.o
 .debug_macro   0x00000000000130de      0x26b Drivers/STM32F1xx_HAL_Driver/Src/stm32f1xx_hal.o
 .debug_macro   0x0000000000013349       0x83 Drivers/STM32F1xx_HAL_Driver/Src/stm32f1xx_hal.o
 .debug_macro   0x00000000000133cc      0x2e4 Drivers/STM32F1xx_HAL_Driver/Src/stm32f1xx_hal_cortex.o
 .debug_macro   0x00000000000136b0      0x2e4 Drivers/STM32F1xx_HAL_Driver/Src/stm32f1xx_hal_dma.o
 .debug_macro   0x0000000000013994      0x354 Drivers/STM32F1xx_HAL_Driver/Src/stm32f1xx_hal_gpio.o
 .debug_macro   0x0000000000013ce8      0x2f6 Drivers/STM32F1xx_HAL_Driver/Src/stm32f1xx_hal_rcc.o
 .debug_macro   0x0000000000013fde      0x2e4 Drivers/STM32F1xx_HAL_Driver/Src/stm32f1xx_hal_tim.o
 .debug_macro   0x00000000000142c2      0x2e4 Drivers/STM32F1xx_HAL_Driver/Src/stm32f1xx_hal_tim_ex.o
 .debug_macro   0x00000000000145a6      0x2e5 Drivers/STM32F1xx_HAL_Driver/Src/stm32f1xx_hal_uart.o
 .debug_macro   0x000000000001488b      0x331 Src/ctl.o
 .debug_macro   0x0000000000014bbc       0x40 Src/ctl.o
 .debug_macro   0x0000000000014bfc       0x10 Src/ctl.o
 .debug_macro   0x0000000000014c0c       0x3a Src/ctl.o
 .debug_macro   0x0000000000014c46      0x315 Src/exti.o
 .debug_macro   0x0000000000014f5b       0x24 Src/fse.o
 .debug_macro   0x0000000000014f7f      0x328 Src/main.o
 .debug_macro   0x00000000000152a7      0x10a Src/ser1.o
 .debug_macro   0x00000000000153b1       0x40 Src/ser1.o
 .debug_macro   0x00000000000153f1       0x94 Src/ser1.o
 .debug_macro   0x0000000000015485      0x174 Src/ser1.o
 .debug_macro   0x00000000000155f9       0x57 Src/ser1.o
 .debug_macro   0x0000000000015650       0x10 Src/ser1.o
 .debug_macro   0x0000000000015660       0x35 Src/ser1.o
 .debug_macro   0x0000000000015695       0x20 Src/ser1.o
 .debug_macro   0x00000000000156b5      0x2ee Src/stm32f1xx_hal_msp.o
 .debug_macro   0x00000000000159a3      0x2f8 Src/stm32f1xx_it.o
 .debug_macro   0x0000000000015c9b      0x2ea Src/system_stm32f1xx.o
 .debug_macro   0x0000000000015f85      0x30a Src/tim2.o
 .debug_macro   0x000000000001628f      0x30a Src/tim3.o
 .debug_macro   0x0000000000016599      0x32f Src/tim4.o

.debug_line     0x0000000000000000     0xbd04
 .debug_line    0x0000000000000000      0x9a0 Drivers/STM32F1xx_HAL_Driver/Src/stm32f1xx_hal.o
 .debug_line    0x00000000000009a0      0xa8e Drivers/STM32F1xx_HAL_Driver/Src/stm32f1xx_hal_cortex.o
 .debug_line    0x000000000000142e      0xc26 Drivers/STM32F1xx_HAL_Driver/Src/stm32f1xx_hal_dma.o
 .debug_line    0x0000000000002054      0x9d8 Drivers/STM32F1xx_HAL_Driver/Src/stm32f1xx_hal_gpio.o
 .debug_line    0x0000000000002a2c      0xa8a Drivers/STM32F1xx_HAL_Driver/Src/stm32f1xx_hal_rcc.o
 .debug_line    0x00000000000034b6     0x176a Drivers/STM32F1xx_HAL_Driver/Src/stm32f1xx_hal_tim.o
 .debug_line    0x0000000000004c20      0xd5d Drivers/STM32F1xx_HAL_Driver/Src/stm32f1xx_hal_tim_ex.o
 .debug_line    0x000000000000597d     0x10b1 Drivers/STM32F1xx_HAL_Driver/Src/stm32f1xx_hal_uart.o
 .debug_line    0x0000000000006a2e      0x846 Src/ctl.o
 .debug_line    0x0000000000007274      0x817 Src/exti.o
 .debug_line    0x0000000000007a8b       0x4f Src/fse.o
 .debug_line    0x0000000000007ada      0x964 Src/main.o
 .debug_line    0x000000000000843e      0x604 Src/ser1.o
 .debug_line    0x0000000000008a42      0x884 Src/stm32f1xx_hal_msp.o
 .debug_line    0x00000000000092c6      0x8f5 Src/stm32f1xx_it.o
 .debug_line    0x0000000000009bbb      0x816 Src/system_stm32f1xx.o
 .debug_line    0x000000000000a3d1      0x833 Src/tim2.o
 .debug_line    0x000000000000ac04      0x835 Src/tim3.o
 .debug_line    0x000000000000b439      0x84c Src/tim4.o
 .debug_line    0x000000000000bc85       0x7f Startup/startup_stm32f103c8tx.o

.debug_str      0x0000000000000000    0x727e1
 .debug_str     0x0000000000000000    0x6f191 Drivers/STM32F1xx_HAL_Driver/Src/stm32f1xx_hal.o
                                      0x6f532 (size before relaxing)
 .debug_str     0x000000000006f191      0x326 Drivers/STM32F1xx_HAL_Driver/Src/stm32f1xx_hal_cortex.o
                                      0x6f546 (size before relaxing)
 .debug_str     0x000000000006f4b7      0x3f0 Drivers/STM32F1xx_HAL_Driver/Src/stm32f1xx_hal_dma.o
                                      0x6f29e (size before relaxing)
 .debug_str     0x000000000006f8a7      0x394 Drivers/STM32F1xx_HAL_Driver/Src/stm32f1xx_hal_gpio.o
                                      0x6f28d (size before relaxing)
 .debug_str     0x000000000006fc3b      0x368 Drivers/STM32F1xx_HAL_Driver/Src/stm32f1xx_hal_rcc.o
                                      0x6f2bb (size before relaxing)
 .debug_str     0x000000000006ffa3      0xea4 Drivers/STM32F1xx_HAL_Driver/Src/stm32f1xx_hal_tim.o
                                      0x6ff8d (size before relaxing)
 .debug_str     0x0000000000070e47      0x527 Drivers/STM32F1xx_HAL_Driver/Src/stm32f1xx_hal_tim_ex.o
                                      0x6f82a (size before relaxing)
 .debug_str     0x000000000007136e      0x6d6 Drivers/STM32F1xx_HAL_Driver/Src/stm32f1xx_hal_uart.o
                                      0x6f795 (size before relaxing)
 .debug_str     0x0000000000071a44      0x5b5 Src/ctl.o
                                      0x6f950 (size before relaxing)
 .debug_str     0x0000000000071ff9       0x47 Src/exti.o
                                      0x6efe1 (size before relaxing)
 .debug_str     0x0000000000072040       0x15 Src/fse.o
                                       0x2e4a (size before relaxing)
 .debug_str     0x0000000000072055       0xa2 Src/main.o
                                      0x6fd84 (size before relaxing)
 .debug_str     0x00000000000720f7      0x253 Src/ser1.o
                                       0x66f0 (size before relaxing)
 .debug_str     0x000000000007234a       0x25 Src/stm32f1xx_hal_msp.o
                                      0x6f7df (size before relaxing)
 .debug_str     0x000000000007236f      0x128 Src/stm32f1xx_it.o
                                      0x6f4e7 (size before relaxing)
 .debug_str     0x0000000000072497       0x69 Src/system_stm32f1xx.o
                                      0x6ef38 (size before relaxing)
 .debug_str     0x0000000000072500      0x13b Src/tim2.o
                                      0x6f873 (size before relaxing)
 .debug_str     0x000000000007263b      0x13b Src/tim3.o
                                      0x6f873 (size before relaxing)
 .debug_str     0x0000000000072776       0x3a Src/tim4.o
                                      0x6f906 (size before relaxing)
 .debug_str     0x00000000000727b0       0x31 Startup/startup_stm32f103c8tx.o
                                         0x6f (size before relaxing)

.comment        0x0000000000000000       0x7b
 .comment       0x0000000000000000       0x7b Drivers/STM32F1xx_HAL_Driver/Src/stm32f1xx_hal.o
                                         0x7c (size before relaxing)
 .comment       0x000000000000007b       0x7c Drivers/STM32F1xx_HAL_Driver/Src/stm32f1xx_hal_cortex.o
 .comment       0x000000000000007b       0x7c Drivers/STM32F1xx_HAL_Driver/Src/stm32f1xx_hal_dma.o
 .comment       0x000000000000007b       0x7c Drivers/STM32F1xx_HAL_Driver/Src/stm32f1xx_hal_gpio.o
 .comment       0x000000000000007b       0x7c Drivers/STM32F1xx_HAL_Driver/Src/stm32f1xx_hal_rcc.o
 .comment       0x000000000000007b       0x7c Drivers/STM32F1xx_HAL_Driver/Src/stm32f1xx_hal_tim.o
 .comment       0x000000000000007b       0x7c Drivers/STM32F1xx_HAL_Driver/Src/stm32f1xx_hal_tim_ex.o
 .comment       0x000000000000007b       0x7c Drivers/STM32F1xx_HAL_Driver/Src/stm32f1xx_hal_uart.o
 .comment       0x000000000000007b       0x7c Src/ctl.o
 .comment       0x000000000000007b       0x7c Src/exti.o
 .comment       0x000000000000007b       0x7c Src/fse.o
 .comment       0x000000000000007b       0x7c Src/main.o
 .comment       0x000000000000007b       0x7c Src/ser1.o
 .comment       0x000000000000007b       0x7c Src/stm32f1xx_hal_msp.o
 .comment       0x000000000000007b       0x7c Src/stm32f1xx_it.o
 .comment       0x000000000000007b       0x7c Src/system_stm32f1xx.o
 .comment       0x000000000000007b       0x7c Src/tim2.o
 .comment       0x000000000000007b       0x7c Src/tim3.o
 .comment       0x000000000000007b       0x7c Src/tim4.o

.debug_frame    0x0000000000000000     0x323c
 .debug_frame   0x0000000000000000      0x2fc Drivers/STM32F1xx_HAL_Driver/Src/stm32f1xx_hal.o
 .debug_frame   0x00000000000002fc      0x428 Drivers/STM32F1xx_HAL_Driver/Src/stm32f1xx_hal_cortex.o
 .debug_frame   0x0000000000000724      0x208 Drivers/STM32F1xx_HAL_Driver/Src/stm32f1xx_hal_dma.o
 .debug_frame   0x000000000000092c      0x14c Drivers/STM32F1xx_HAL_Driver/Src/stm32f1xx_hal_gpio.o
 .debug_frame   0x0000000000000a78      0x21c Drivers/STM32F1xx_HAL_Driver/Src/stm32f1xx_hal_rcc.o
 .debug_frame   0x0000000000000c94      0xfb4 Drivers/STM32F1xx_HAL_Driver/Src/stm32f1xx_hal_tim.o
 .debug_frame   0x0000000000001c48      0x54c Drivers/STM32F1xx_HAL_Driver/Src/stm32f1xx_hal_tim_ex.o
 .debug_frame   0x0000000000002194      0x83c Drivers/STM32F1xx_HAL_Driver/Src/stm32f1xx_hal_uart.o
 .debug_frame   0x00000000000029d0       0x4c Src/ctl.o
 .debug_frame   0x0000000000002a1c       0x58 Src/exti.o
 .debug_frame   0x0000000000002a74       0x30 Src/fse.o
 .debug_frame   0x0000000000002aa4      0x1ac Src/main.o
 .debug_frame   0x0000000000002c50      0x1ac Src/ser1.o
 .debug_frame   0x0000000000002dfc       0xc8 Src/stm32f1xx_hal_msp.o
 .debug_frame   0x0000000000002ec4      0x1b4 Src/stm32f1xx_it.o
 .debug_frame   0x0000000000003078       0x58 Src/system_stm32f1xx.o
 .debug_frame   0x00000000000030d0       0x54 Src/tim2.o
 .debug_frame   0x0000000000003124       0x54 Src/tim3.o
 .debug_frame   0x0000000000003178       0x50 Src/tim4.o
 .debug_frame   0x00000000000031c8       0x2c c:/st/stm32cubeide_1.0.0/stm32cubeide/plugins/com.st.stm32cube.ide.mcu.externaltools.gnu-tools-for-stm32.7-2018-q2-update.win32_1.0.0.201904181610/tools/bin/../lib/gcc/arm-none-eabi/7.3.1/../../../../arm-none-eabi/lib/thumb/v7-m\libc_nano.a(lib_a-init.o)
 .debug_frame   0x00000000000031f4       0x28 c:/st/stm32cubeide_1.0.0/stm32cubeide/plugins/com.st.stm32cube.ide.mcu.externaltools.gnu-tools-for-stm32.7-2018-q2-update.win32_1.0.0.201904181610/tools/bin/../lib/gcc/arm-none-eabi/7.3.1/../../../../arm-none-eabi/lib/thumb/v7-m\libc_nano.a(lib_a-memcpy-stub.o)
 .debug_frame   0x000000000000321c       0x20 c:/st/stm32cubeide_1.0.0/stm32cubeide/plugins/com.st.stm32cube.ide.mcu.externaltools.gnu-tools-for-stm32.7-2018-q2-update.win32_1.0.0.201904181610/tools/bin/../lib/gcc/arm-none-eabi/7.3.1/../../../../arm-none-eabi/lib/thumb/v7-m\libc_nano.a(lib_a-memset.o)
